// Jest Snapshot v1, https://goo.gl/fbAQLP

exports[`Test helpers input renders correctly 1`] = `
<input
  className="input"
  onChange={[Function]}
  required={true}
/>
`;

exports[`Test helpers logo renders correctly 1`] = `
<input
  className="input"
  onChange={[Function]}
  required={true}
/>
`;

exports[`Test helpers mask renders correctly 1`] = `
<div>
  <div
    className="mask"
  />
  <nav
    className="Nav-bar"
  >
    <a
      href="/"
      onClick={[Function]}
    >
      <div
        className="Nav-bar__logo"
      >
        <svg>
          logo.svg
        </svg>
        <h3>
          Learning Hub
        </h3>
      </div>
    </a>
  </nav>
</div>
`;
